16:34:43 **** Incremental Build of configuration Debug for project ds18b20-lwow ****
make -j8 all 
arm-none-eabi-gcc "../Core/Src/main.c" -mcpu=cortex-m4 -std=gnu11 -g3 -DUSE_HAL_DRIVER -DSTM32L412xx -DDEBUG -c -I../Middlewares/Third_Party/FreeRTOS/Source/include -I../Middlewares/Third_Party/FreeRTOS/Source/portable/GCC/ARM_CM4F -I../Drivers/CMSIS/Include -I../Core/Inc -I../Drivers/CMSIS/Device/ST/STM32L4xx/Include -I../Middlewares/lwow/src/include/lwow -I../Drivers/STM32L4xx_HAL_Driver/Inc -I../Middlewares/lwow/src/include -I../Middlewares/Third_Party/FreeRTOS/Source/CMSIS_RTOS_V2 -I../Middlewares/snippets/include -I../Drivers/STM32L4xx_HAL_Driver/Inc/Legacy -O0 -ffunction-sections -fdata-sections -Wall -fstack-usage -MMD -MP -MF"Core/Src/main.d" -MT"Core/Src/main.o" --specs=nano.specs -mfpu=fpv4-sp-d16 -mfloat-abi=hard -mthumb -o "Core/Src/main.o"
arm-none-eabi-gcc -o "ds18b20-lwow.elf" @"objects.list"   -mcpu=cortex-m4 -T"C:\Users\Alan\Documents\views\SHOWER_WATER_REUSABLE\STM32\workspace\ds18b20-lwow\STM32L412KBUX_FLASH.ld" --specs=nosys.specs -Wl,-Map="ds18b20-lwow.map" -Wl,--gc-sections -static --specs=nano.specs -mfpu=fpv4-sp-d16 -mfloat-abi=hard -mthumb -Wl,--start-group -lc -lm -Wl,--end-group
Finished building target: ds18b20-lwow.elf
 
arm-none-eabi-objdump -h -S  ds18b20-lwow.elf  > "ds18b20-lwow.list"
arm-none-eabi-objcopy  -O binary  ds18b20-lwow.elf  "ds18b20-lwow.bin"
arm-none-eabi-size   ds18b20-lwow.elf 
   text	   data	    bss	    dec	    hex	filename
  37148	    120	  11656	  48924	   bf1c	ds18b20-lwow.elf
Finished building: default.size.stdout
 
Finished building: ds18b20-lwow.bin
 
Finished building: ds18b20-lwow.list
 

16:34:44 Build Finished. 0 errors, 0 warnings. (took 1s.316ms)

