10:46:36 **** Incremental Build of configuration Debug for project stm32-shower-water-reusable-stm32l412kb ****
make -j8 all 
arm-none-eabi-gcc "../Core/Src/main.c" -mcpu=cortex-m4 -std=gnu11 -g3 -DUSE_HAL_DRIVER -DSTM32L412xx -DDEBUG -c -I../Middlewares/Third_Party/FreeRTOS/Source/include -I../Middlewares/lwow/src/include/lwow -I../Middlewares/lwow/src/include -I../Middlewares/snippets/include -I../Middlewares/Third_Party/FreeRTOS/Source/portable/GCC/ARM_CM4F -I../Drivers/CMSIS/Include -I../Core/Inc -I../Drivers/CMSIS/Device/ST/STM32L4xx/Include -I../Drivers/STM32L4xx_HAL_Driver/Inc -I../Middlewares/Third_Party/FreeRTOS/Source/CMSIS_RTOS_V2 -I../Drivers/STM32L4xx_HAL_Driver/Inc/Legacy -O0 -ffunction-sections -fdata-sections -Wall -fstack-usage -MMD -MP -MF"Core/Src/main.d" -MT"Core/Src/main.o" --specs=nano.specs -mfpu=fpv4-sp-d16 -mfloat-abi=hard -mthumb -o "Core/Src/main.o"
arm-none-eabi-gcc -o "stm32-shower-water-reusable-stm32l412kb.elf" @"objects.list"   -mcpu=cortex-m4 -T"C:\Users\Alan\Documents\views\shower-water-reusable\workspace\stm32-shower-water-reusable-stm32l412kb\STM32L412KBUX_FLASH.ld" --specs=nosys.specs -Wl,-Map="stm32-shower-water-reusable-stm32l412kb.map" -Wl,--gc-sections -static --specs=nano.specs -mfpu=fpv4-sp-d16 -mfloat-abi=hard -mthumb -Wl,--start-group -lc -lm -Wl,--end-group
Finished building target: stm32-shower-water-reusable-stm32l412kb.elf
 
arm-none-eabi-objdump -h -S  stm32-shower-water-reusable-stm32l412kb.elf  > "stm32-shower-water-reusable-stm32l412kb.list"
arm-none-eabi-objcopy  -O binary  stm32-shower-water-reusable-stm32l412kb.elf  "stm32-shower-water-reusable-stm32l412kb.bin"
arm-none-eabi-size   stm32-shower-water-reusable-stm32l412kb.elf 
   text	   data	    bss	    dec	    hex	filename
  50108	   2424	  17448	  69980	  1115c	stm32-shower-water-reusable-stm32l412kb.elf
Finished building: default.size.stdout
 
Finished building: stm32-shower-water-reusable-stm32l412kb.bin
 
Finished building: stm32-shower-water-reusable-stm32l412kb.list
 
10:46:40 **** Incremental Build of configuration Debug for project stm32-shower-water-reusable-stm32l412kb ****
make -j8 all 
arm-none-eabi-size   stm32-shower-water-reusable-stm32l412kb.elf 
   text	   data	    bss	    dec	    hex	filename
  50108	   2424	  17448	  69980	  1115c	stm32-shower-water-reusable-stm32l412kb.elf
Finished building: default.size.stdout
 
