20:17:11 **** Incremental Build of configuration Debug for project STM32L432KC_NUCLEO ****
make all 
Building file: C:/Users/Alan/Documents/views/STM32CubeL4/Projects/NUCLEO-L432KC/Examples/TIM/TIM_DMA/Src/main.c
Invoking: MCU GCC Compiler
C:\Users\Alan\Documents\views\STM32CubeL4\Projects\NUCLEO-L432KC\Examples\TIM\TIM_DMA\SW4STM32\STM32L432KC_NUCLEO\Debug
arm-none-eabi-gcc -mcpu=cortex-m4 -mthumb -mfloat-abi=hard -mfpu=fpv4-sp-d16 -DSTM32L412xx -DUSE_HAL_DRIVER -I"C:/Users/Alan/Documents/views/STM32CubeL4/Projects/NUCLEO-L432KC/Examples/TIM/TIM_DMA/Inc" -I"C:/Users/Alan/Documents/views/STM32CubeL4/Drivers/CMSIS/Device/ST/STM32L4xx/Include" -I"C:/Users/Alan/Documents/views/STM32CubeL4/Drivers/STM32L4xx_HAL_Driver/Inc" -I"C:/Users/Alan/Documents/views/STM32CubeL4/Drivers/BSP/STM32L4xx_Nucleo_32" -I"C:/Users/Alan/Documents/views/STM32CubeL4/Drivers/CMSIS/Include"  -Os -g3 -Wall -fmessage-length=0 -ffunction-sections -c -fmessage-length=0 -MMD -MP -MF"Example/User/main.d" -MT"Example/User/main.o" -o "Example/User/main.o" "C:/Users/Alan/Documents/views/STM32CubeL4/Projects/NUCLEO-L432KC/Examples/TIM/TIM_DMA/Src/main.c"
Finished building: C:/Users/Alan/Documents/views/STM32CubeL4/Projects/NUCLEO-L432KC/Examples/TIM/TIM_DMA/Src/main.c
 
Building file: C:/Users/Alan/Documents/views/STM32CubeL4/Projects/NUCLEO-L432KC/Examples/TIM/TIM_DMA/Src/stm32l4xx_hal_msp.c
Invoking: MCU GCC Compiler
C:\Users\Alan\Documents\views\STM32CubeL4\Projects\NUCLEO-L432KC\Examples\TIM\TIM_DMA\SW4STM32\STM32L432KC_NUCLEO\Debug
arm-none-eabi-gcc -mcpu=cortex-m4 -mthumb -mfloat-abi=hard -mfpu=fpv4-sp-d16 -DSTM32L412xx -DUSE_HAL_DRIVER -I"C:/Users/Alan/Documents/views/STM32CubeL4/Projects/NUCLEO-L432KC/Examples/TIM/TIM_DMA/Inc" -I"C:/Users/Alan/Documents/views/STM32CubeL4/Drivers/CMSIS/Device/ST/STM32L4xx/Include" -I"C:/Users/Alan/Documents/views/STM32CubeL4/Drivers/STM32L4xx_HAL_Driver/Inc" -I"C:/Users/Alan/Documents/views/STM32CubeL4/Drivers/BSP/STM32L4xx_Nucleo_32" -I"C:/Users/Alan/Documents/views/STM32CubeL4/Drivers/CMSIS/Include"  -Os -g3 -Wall -fmessage-length=0 -ffunction-sections -c -fmessage-length=0 -MMD -MP -MF"Example/User/stm32l4xx_hal_msp.d" -MT"Example/User/stm32l4xx_hal_msp.o" -o "Example/User/stm32l4xx_hal_msp.o" "C:/Users/Alan/Documents/views/STM32CubeL4/Projects/NUCLEO-L432KC/Examples/TIM/TIM_DMA/Src/stm32l4xx_hal_msp.c"
Finished building: C:/Users/Alan/Documents/views/STM32CubeL4/Projects/NUCLEO-L432KC/Examples/TIM/TIM_DMA/Src/stm32l4xx_hal_msp.c
 
Building file: C:/Users/Alan/Documents/views/STM32CubeL4/Projects/NUCLEO-L432KC/Examples/TIM/TIM_DMA/Src/stm32l4xx_it.c
Invoking: MCU GCC Compiler
C:\Users\Alan\Documents\views\STM32CubeL4\Projects\NUCLEO-L432KC\Examples\TIM\TIM_DMA\SW4STM32\STM32L432KC_NUCLEO\Debug
arm-none-eabi-gcc -mcpu=cortex-m4 -mthumb -mfloat-abi=hard -mfpu=fpv4-sp-d16 -DSTM32L412xx -DUSE_HAL_DRIVER -I"C:/Users/Alan/Documents/views/STM32CubeL4/Projects/NUCLEO-L432KC/Examples/TIM/TIM_DMA/Inc" -I"C:/Users/Alan/Documents/views/STM32CubeL4/Drivers/CMSIS/Device/ST/STM32L4xx/Include" -I"C:/Users/Alan/Documents/views/STM32CubeL4/Drivers/STM32L4xx_HAL_Driver/Inc" -I"C:/Users/Alan/Documents/views/STM32CubeL4/Drivers/BSP/STM32L4xx_Nucleo_32" -I"C:/Users/Alan/Documents/views/STM32CubeL4/Drivers/CMSIS/Include"  -Os -g3 -Wall -fmessage-length=0 -ffunction-sections -c -fmessage-length=0 -MMD -MP -MF"Example/User/stm32l4xx_it.d" -MT"Example/User/stm32l4xx_it.o" -o "Example/User/stm32l4xx_it.o" "C:/Users/Alan/Documents/views/STM32CubeL4/Projects/NUCLEO-L432KC/Examples/TIM/TIM_DMA/Src/stm32l4xx_it.c"
Finished building: C:/Users/Alan/Documents/views/STM32CubeL4/Projects/NUCLEO-L432KC/Examples/TIM/TIM_DMA/Src/stm32l4xx_it.c
 
Building file: C:/Users/Alan/Documents/views/STM32CubeL4/Drivers/STM32L4xx_HAL_Driver/Src/stm32l4xx_hal.c
Invoking: MCU GCC Compiler
C:\Users\Alan\Documents\views\STM32CubeL4\Projects\NUCLEO-L432KC\Examples\TIM\TIM_DMA\SW4STM32\STM32L432KC_NUCLEO\Debug
arm-none-eabi-gcc -mcpu=cortex-m4 -mthumb -mfloat-abi=hard -mfpu=fpv4-sp-d16 -DSTM32L412xx -DUSE_HAL_DRIVER -I"C:/Users/Alan/Documents/views/STM32CubeL4/Projects/NUCLEO-L432KC/Examples/TIM/TIM_DMA/Inc" -I"C:/Users/Alan/Documents/views/STM32CubeL4/Drivers/CMSIS/Device/ST/STM32L4xx/Include" -I"C:/Users/Alan/Documents/views/STM32CubeL4/Drivers/STM32L4xx_HAL_Driver/Inc" -I"C:/Users/Alan/Documents/views/STM32CubeL4/Drivers/BSP/STM32L4xx_Nucleo_32" -I"C:/Users/Alan/Documents/views/STM32CubeL4/Drivers/CMSIS/Include"  -Os -g3 -Wall -fmessage-length=0 -ffunction-sections -c -fmessage-length=0 -MMD -MP -MF"Drivers/STM32L4xx_HAL_Driver/stm32l4xx_hal.d" -MT"Drivers/STM32L4xx_HAL_Driver/stm32l4xx_hal.o" -o "Drivers/STM32L4xx_HAL_Driver/stm32l4xx_hal.o" "C:/Users/Alan/Documents/views/STM32CubeL4/Drivers/STM32L4xx_HAL_Driver/Src/stm32l4xx_hal.c"
Finished building: C:/Users/Alan/Documents/views/STM32CubeL4/Drivers/STM32L4xx_HAL_Driver/Src/stm32l4xx_hal.c
 
Building file: C:/Users/Alan/Documents/views/STM32CubeL4/Drivers/STM32L4xx_HAL_Driver/Src/stm32l4xx_hal_cortex.c
Invoking: MCU GCC Compiler
C:\Users\Alan\Documents\views\STM32CubeL4\Projects\NUCLEO-L432KC\Examples\TIM\TIM_DMA\SW4STM32\STM32L432KC_NUCLEO\Debug
arm-none-eabi-gcc -mcpu=cortex-m4 -mthumb -mfloat-abi=hard -mfpu=fpv4-sp-d16 -DSTM32L412xx -DUSE_HAL_DRIVER -I"C:/Users/Alan/Documents/views/STM32CubeL4/Projects/NUCLEO-L432KC/Examples/TIM/TIM_DMA/Inc" -I"C:/Users/Alan/Documents/views/STM32CubeL4/Drivers/CMSIS/Device/ST/STM32L4xx/Include" -I"C:/Users/Alan/Documents/views/STM32CubeL4/Drivers/STM32L4xx_HAL_Driver/Inc" -I"C:/Users/Alan/Documents/views/STM32CubeL4/Drivers/BSP/STM32L4xx_Nucleo_32" -I"C:/Users/Alan/Documents/views/STM32CubeL4/Drivers/CMSIS/Include"  -Os -g3 -Wall -fmessage-length=0 -ffunction-sections -c -fmessage-length=0 -MMD -MP -MF"Drivers/STM32L4xx_HAL_Driver/stm32l4xx_hal_cortex.d" -MT"Drivers/STM32L4xx_HAL_Driver/stm32l4xx_hal_cortex.o" -o "Drivers/STM32L4xx_HAL_Driver/stm32l4xx_hal_cortex.o" "C:/Users/Alan/Documents/views/STM32CubeL4/Drivers/STM32L4xx_HAL_Driver/Src/stm32l4xx_hal_cortex.c"
Finished building: C:/Users/Alan/Documents/views/STM32CubeL4/Drivers/STM32L4xx_HAL_Driver/Src/stm32l4xx_hal_cortex.c
 
Building file: C:/Users/Alan/Documents/views/STM32CubeL4/Drivers/STM32L4xx_HAL_Driver/Src/stm32l4xx_hal_dma.c
Invoking: MCU GCC Compiler
C:\Users\Alan\Documents\views\STM32CubeL4\Projects\NUCLEO-L432KC\Examples\TIM\TIM_DMA\SW4STM32\STM32L432KC_NUCLEO\Debug
arm-none-eabi-gcc -mcpu=cortex-m4 -mthumb -mfloat-abi=hard -mfpu=fpv4-sp-d16 -DSTM32L412xx -DUSE_HAL_DRIVER -I"C:/Users/Alan/Documents/views/STM32CubeL4/Projects/NUCLEO-L432KC/Examples/TIM/TIM_DMA/Inc" -I"C:/Users/Alan/Documents/views/STM32CubeL4/Drivers/CMSIS/Device/ST/STM32L4xx/Include" -I"C:/Users/Alan/Documents/views/STM32CubeL4/Drivers/STM32L4xx_HAL_Driver/Inc" -I"C:/Users/Alan/Documents/views/STM32CubeL4/Drivers/BSP/STM32L4xx_Nucleo_32" -I"C:/Users/Alan/Documents/views/STM32CubeL4/Drivers/CMSIS/Include"  -Os -g3 -Wall -fmessage-length=0 -ffunction-sections -c -fmessage-length=0 -MMD -MP -MF"Drivers/STM32L4xx_HAL_Driver/stm32l4xx_hal_dma.d" -MT"Drivers/STM32L4xx_HAL_Driver/stm32l4xx_hal_dma.o" -o "Drivers/STM32L4xx_HAL_Driver/stm32l4xx_hal_dma.o" "C:/Users/Alan/Documents/views/STM32CubeL4/Drivers/STM32L4xx_HAL_Driver/Src/stm32l4xx_hal_dma.c"
Finished building: C:/Users/Alan/Documents/views/STM32CubeL4/Drivers/STM32L4xx_HAL_Driver/Src/stm32l4xx_hal_dma.c
 
Building file: C:/Users/Alan/Documents/views/STM32CubeL4/Drivers/STM32L4xx_HAL_Driver/Src/stm32l4xx_hal_gpio.c
Invoking: MCU GCC Compiler
C:\Users\Alan\Documents\views\STM32CubeL4\Projects\NUCLEO-L432KC\Examples\TIM\TIM_DMA\SW4STM32\STM32L432KC_NUCLEO\Debug
arm-none-eabi-gcc -mcpu=cortex-m4 -mthumb -mfloat-abi=hard -mfpu=fpv4-sp-d16 -DSTM32L412xx -DUSE_HAL_DRIVER -I"C:/Users/Alan/Documents/views/STM32CubeL4/Projects/NUCLEO-L432KC/Examples/TIM/TIM_DMA/Inc" -I"C:/Users/Alan/Documents/views/STM32CubeL4/Drivers/CMSIS/Device/ST/STM32L4xx/Include" -I"C:/Users/Alan/Documents/views/STM32CubeL4/Drivers/STM32L4xx_HAL_Driver/Inc" -I"C:/Users/Alan/Documents/views/STM32CubeL4/Drivers/BSP/STM32L4xx_Nucleo_32" -I"C:/Users/Alan/Documents/views/STM32CubeL4/Drivers/CMSIS/Include"  -Os -g3 -Wall -fmessage-length=0 -ffunction-sections -c -fmessage-length=0 -MMD -MP -MF"Drivers/STM32L4xx_HAL_Driver/stm32l4xx_hal_gpio.d" -MT"Drivers/STM32L4xx_HAL_Driver/stm32l4xx_hal_gpio.o" -o "Drivers/STM32L4xx_HAL_Driver/stm32l4xx_hal_gpio.o" "C:/Users/Alan/Documents/views/STM32CubeL4/Drivers/STM32L4xx_HAL_Driver/Src/stm32l4xx_hal_gpio.c"
Finished building: C:/Users/Alan/Documents/views/STM32CubeL4/Drivers/STM32L4xx_HAL_Driver/Src/stm32l4xx_hal_gpio.c
 
Building file: C:/Users/Alan/Documents/views/STM32CubeL4/Drivers/STM32L4xx_HAL_Driver/Src/stm32l4xx_hal_pwr.c
Invoking: MCU GCC Compiler
C:\Users\Alan\Documents\views\STM32CubeL4\Projects\NUCLEO-L432KC\Examples\TIM\TIM_DMA\SW4STM32\STM32L432KC_NUCLEO\Debug
arm-none-eabi-gcc -mcpu=cortex-m4 -mthumb -mfloat-abi=hard -mfpu=fpv4-sp-d16 -DSTM32L412xx -DUSE_HAL_DRIVER -I"C:/Users/Alan/Documents/views/STM32CubeL4/Projects/NUCLEO-L432KC/Examples/TIM/TIM_DMA/Inc" -I"C:/Users/Alan/Documents/views/STM32CubeL4/Drivers/CMSIS/Device/ST/STM32L4xx/Include" -I"C:/Users/Alan/Documents/views/STM32CubeL4/Drivers/STM32L4xx_HAL_Driver/Inc" -I"C:/Users/Alan/Documents/views/STM32CubeL4/Drivers/BSP/STM32L4xx_Nucleo_32" -I"C:/Users/Alan/Documents/views/STM32CubeL4/Drivers/CMSIS/Include"  -Os -g3 -Wall -fmessage-length=0 -ffunction-sections -c -fmessage-length=0 -MMD -MP -MF"Drivers/STM32L4xx_HAL_Driver/stm32l4xx_hal_pwr.d" -MT"Drivers/STM32L4xx_HAL_Driver/stm32l4xx_hal_pwr.o" -o "Drivers/STM32L4xx_HAL_Driver/stm32l4xx_hal_pwr.o" "C:/Users/Alan/Documents/views/STM32CubeL4/Drivers/STM32L4xx_HAL_Driver/Src/stm32l4xx_hal_pwr.c"
Finished building: C:/Users/Alan/Documents/views/STM32CubeL4/Drivers/STM32L4xx_HAL_Driver/Src/stm32l4xx_hal_pwr.c
 
Building file: C:/Users/Alan/Documents/views/STM32CubeL4/Drivers/STM32L4xx_HAL_Driver/Src/stm32l4xx_hal_pwr_ex.c
Invoking: MCU GCC Compiler
C:\Users\Alan\Documents\views\STM32CubeL4\Projects\NUCLEO-L432KC\Examples\TIM\TIM_DMA\SW4STM32\STM32L432KC_NUCLEO\Debug
arm-none-eabi-gcc -mcpu=cortex-m4 -mthumb -mfloat-abi=hard -mfpu=fpv4-sp-d16 -DSTM32L412xx -DUSE_HAL_DRIVER -I"C:/Users/Alan/Documents/views/STM32CubeL4/Projects/NUCLEO-L432KC/Examples/TIM/TIM_DMA/Inc" -I"C:/Users/Alan/Documents/views/STM32CubeL4/Drivers/CMSIS/Device/ST/STM32L4xx/Include" -I"C:/Users/Alan/Documents/views/STM32CubeL4/Drivers/STM32L4xx_HAL_Driver/Inc" -I"C:/Users/Alan/Documents/views/STM32CubeL4/Drivers/BSP/STM32L4xx_Nucleo_32" -I"C:/Users/Alan/Documents/views/STM32CubeL4/Drivers/CMSIS/Include"  -Os -g3 -Wall -fmessage-length=0 -ffunction-sections -c -fmessage-length=0 -MMD -MP -MF"Drivers/STM32L4xx_HAL_Driver/stm32l4xx_hal_pwr_ex.d" -MT"Drivers/STM32L4xx_HAL_Driver/stm32l4xx_hal_pwr_ex.o" -o "Drivers/STM32L4xx_HAL_Driver/stm32l4xx_hal_pwr_ex.o" "C:/Users/Alan/Documents/views/STM32CubeL4/Drivers/STM32L4xx_HAL_Driver/Src/stm32l4xx_hal_pwr_ex.c"
Finished building: C:/Users/Alan/Documents/views/STM32CubeL4/Drivers/STM32L4xx_HAL_Driver/Src/stm32l4xx_hal_pwr_ex.c
 
Building file: C:/Users/Alan/Documents/views/STM32CubeL4/Drivers/STM32L4xx_HAL_Driver/Src/stm32l4xx_hal_rcc.c
Invoking: MCU GCC Compiler
C:\Users\Alan\Documents\views\STM32CubeL4\Projects\NUCLEO-L432KC\Examples\TIM\TIM_DMA\SW4STM32\STM32L432KC_NUCLEO\Debug
arm-none-eabi-gcc -mcpu=cortex-m4 -mthumb -mfloat-abi=hard -mfpu=fpv4-sp-d16 -DSTM32L412xx -DUSE_HAL_DRIVER -I"C:/Users/Alan/Documents/views/STM32CubeL4/Projects/NUCLEO-L432KC/Examples/TIM/TIM_DMA/Inc" -I"C:/Users/Alan/Documents/views/STM32CubeL4/Drivers/CMSIS/Device/ST/STM32L4xx/Include" -I"C:/Users/Alan/Documents/views/STM32CubeL4/Drivers/STM32L4xx_HAL_Driver/Inc" -I"C:/Users/Alan/Documents/views/STM32CubeL4/Drivers/BSP/STM32L4xx_Nucleo_32" -I"C:/Users/Alan/Documents/views/STM32CubeL4/Drivers/CMSIS/Include"  -Os -g3 -Wall -fmessage-length=0 -ffunction-sections -c -fmessage-length=0 -MMD -MP -MF"Drivers/STM32L4xx_HAL_Driver/stm32l4xx_hal_rcc.d" -MT"Drivers/STM32L4xx_HAL_Driver/stm32l4xx_hal_rcc.o" -o "Drivers/STM32L4xx_HAL_Driver/stm32l4xx_hal_rcc.o" "C:/Users/Alan/Documents/views/STM32CubeL4/Drivers/STM32L4xx_HAL_Driver/Src/stm32l4xx_hal_rcc.c"
Finished building: C:/Users/Alan/Documents/views/STM32CubeL4/Drivers/STM32L4xx_HAL_Driver/Src/stm32l4xx_hal_rcc.c
 
Building file: C:/Users/Alan/Documents/views/STM32CubeL4/Drivers/STM32L4xx_HAL_Driver/Src/stm32l4xx_hal_tim.c
Invoking: MCU GCC Compiler
C:\Users\Alan\Documents\views\STM32CubeL4\Projects\NUCLEO-L432KC\Examples\TIM\TIM_DMA\SW4STM32\STM32L432KC_NUCLEO\Debug
arm-none-eabi-gcc -mcpu=cortex-m4 -mthumb -mfloat-abi=hard -mfpu=fpv4-sp-d16 -DSTM32L412xx -DUSE_HAL_DRIVER -I"C:/Users/Alan/Documents/views/STM32CubeL4/Projects/NUCLEO-L432KC/Examples/TIM/TIM_DMA/Inc" -I"C:/Users/Alan/Documents/views/STM32CubeL4/Drivers/CMSIS/Device/ST/STM32L4xx/Include" -I"C:/Users/Alan/Documents/views/STM32CubeL4/Drivers/STM32L4xx_HAL_Driver/Inc" -I"C:/Users/Alan/Documents/views/STM32CubeL4/Drivers/BSP/STM32L4xx_Nucleo_32" -I"C:/Users/Alan/Documents/views/STM32CubeL4/Drivers/CMSIS/Include"  -Os -g3 -Wall -fmessage-length=0 -ffunction-sections -c -fmessage-length=0 -MMD -MP -MF"Drivers/STM32L4xx_HAL_Driver/stm32l4xx_hal_tim.d" -MT"Drivers/STM32L4xx_HAL_Driver/stm32l4xx_hal_tim.o" -o "Drivers/STM32L4xx_HAL_Driver/stm32l4xx_hal_tim.o" "C:/Users/Alan/Documents/views/STM32CubeL4/Drivers/STM32L4xx_HAL_Driver/Src/stm32l4xx_hal_tim.c"
Finished building: C:/Users/Alan/Documents/views/STM32CubeL4/Drivers/STM32L4xx_HAL_Driver/Src/stm32l4xx_hal_tim.c
 
Building file: C:/Users/Alan/Documents/views/STM32CubeL4/Drivers/STM32L4xx_HAL_Driver/Src/stm32l4xx_hal_tim_ex.c
Invoking: MCU GCC Compiler
C:\Users\Alan\Documents\views\STM32CubeL4\Projects\NUCLEO-L432KC\Examples\TIM\TIM_DMA\SW4STM32\STM32L432KC_NUCLEO\Debug
arm-none-eabi-gcc -mcpu=cortex-m4 -mthumb -mfloat-abi=hard -mfpu=fpv4-sp-d16 -DSTM32L412xx -DUSE_HAL_DRIVER -I"C:/Users/Alan/Documents/views/STM32CubeL4/Projects/NUCLEO-L432KC/Examples/TIM/TIM_DMA/Inc" -I"C:/Users/Alan/Documents/views/STM32CubeL4/Drivers/CMSIS/Device/ST/STM32L4xx/Include" -I"C:/Users/Alan/Documents/views/STM32CubeL4/Drivers/STM32L4xx_HAL_Driver/Inc" -I"C:/Users/Alan/Documents/views/STM32CubeL4/Drivers/BSP/STM32L4xx_Nucleo_32" -I"C:/Users/Alan/Documents/views/STM32CubeL4/Drivers/CMSIS/Include"  -Os -g3 -Wall -fmessage-length=0 -ffunction-sections -c -fmessage-length=0 -MMD -MP -MF"Drivers/STM32L4xx_HAL_Driver/stm32l4xx_hal_tim_ex.d" -MT"Drivers/STM32L4xx_HAL_Driver/stm32l4xx_hal_tim_ex.o" -o "Drivers/STM32L4xx_HAL_Driver/stm32l4xx_hal_tim_ex.o" "C:/Users/Alan/Documents/views/STM32CubeL4/Drivers/STM32L4xx_HAL_Driver/Src/stm32l4xx_hal_tim_ex.c"
Finished building: C:/Users/Alan/Documents/views/STM32CubeL4/Drivers/STM32L4xx_HAL_Driver/Src/stm32l4xx_hal_tim_ex.c
 
Building file: C:/Users/Alan/Documents/views/STM32CubeL4/Projects/NUCLEO-L432KC/Examples/TIM/TIM_DMA/Src/system_stm32l4xx.c
Invoking: MCU GCC Compiler
C:\Users\Alan\Documents\views\STM32CubeL4\Projects\NUCLEO-L432KC\Examples\TIM\TIM_DMA\SW4STM32\STM32L432KC_NUCLEO\Debug
arm-none-eabi-gcc -mcpu=cortex-m4 -mthumb -mfloat-abi=hard -mfpu=fpv4-sp-d16 -DSTM32L412xx -DUSE_HAL_DRIVER -I"C:/Users/Alan/Documents/views/STM32CubeL4/Projects/NUCLEO-L432KC/Examples/TIM/TIM_DMA/Inc" -I"C:/Users/Alan/Documents/views/STM32CubeL4/Drivers/CMSIS/Device/ST/STM32L4xx/Include" -I"C:/Users/Alan/Documents/views/STM32CubeL4/Drivers/STM32L4xx_HAL_Driver/Inc" -I"C:/Users/Alan/Documents/views/STM32CubeL4/Drivers/BSP/STM32L4xx_Nucleo_32" -I"C:/Users/Alan/Documents/views/STM32CubeL4/Drivers/CMSIS/Include"  -Os -g3 -Wall -fmessage-length=0 -ffunction-sections -c -fmessage-length=0 -MMD -MP -MF"Drivers/CMSIS/system_stm32l4xx.d" -MT"Drivers/CMSIS/system_stm32l4xx.o" -o "Drivers/CMSIS/system_stm32l4xx.o" "C:/Users/Alan/Documents/views/STM32CubeL4/Projects/NUCLEO-L432KC/Examples/TIM/TIM_DMA/Src/system_stm32l4xx.c"
Finished building: C:/Users/Alan/Documents/views/STM32CubeL4/Projects/NUCLEO-L432KC/Examples/TIM/TIM_DMA/Src/system_stm32l4xx.c
 
Building file: C:/Users/Alan/Documents/views/STM32CubeL4/Drivers/BSP/STM32L4xx_Nucleo_32/stm32l4xx_nucleo_32.c
Invoking: MCU GCC Compiler
C:\Users\Alan\Documents\views\STM32CubeL4\Projects\NUCLEO-L432KC\Examples\TIM\TIM_DMA\SW4STM32\STM32L432KC_NUCLEO\Debug
arm-none-eabi-gcc -mcpu=cortex-m4 -mthumb -mfloat-abi=hard -mfpu=fpv4-sp-d16 -DSTM32L412xx -DUSE_HAL_DRIVER -I"C:/Users/Alan/Documents/views/STM32CubeL4/Projects/NUCLEO-L432KC/Examples/TIM/TIM_DMA/Inc" -I"C:/Users/Alan/Documents/views/STM32CubeL4/Drivers/CMSIS/Device/ST/STM32L4xx/Include" -I"C:/Users/Alan/Documents/views/STM32CubeL4/Drivers/STM32L4xx_HAL_Driver/Inc" -I"C:/Users/Alan/Documents/views/STM32CubeL4/Drivers/BSP/STM32L4xx_Nucleo_32" -I"C:/Users/Alan/Documents/views/STM32CubeL4/Drivers/CMSIS/Include"  -Os -g3 -Wall -fmessage-length=0 -ffunction-sections -c -fmessage-length=0 -MMD -MP -MF"Drivers/BSP/STM32L4xx_Nucleo_32/stm32l4xx_nucleo_32.d" -MT"Drivers/BSP/STM32L4xx_Nucleo_32/stm32l4xx_nucleo_32.o" -o "Drivers/BSP/STM32L4xx_Nucleo_32/stm32l4xx_nucleo_32.o" "C:/Users/Alan/Documents/views/STM32CubeL4/Drivers/BSP/STM32L4xx_Nucleo_32/stm32l4xx_nucleo_32.c"
Finished building: C:/Users/Alan/Documents/views/STM32CubeL4/Drivers/BSP/STM32L4xx_Nucleo_32/stm32l4xx_nucleo_32.c
 
Building target: STM32L432KC_NUCLEO.elf
Invoking: MCU GCC Linker
arm-none-eabi-gcc -mcpu=cortex-m4 -mthumb -mfloat-abi=hard -mfpu=fpv4-sp-d16 -specs=nosys.specs -specs=nano.specs -T"../STM32L432KCUx_FLASH.ld" -Wl,-Map=output.map -Wl,--gc-sections -o "STM32L432KC_NUCLEO.elf" @"objects.list"   -lm
Finished building target: STM32L432KC_NUCLEO.elf
 
make --no-print-directory post-build
Generating binary and Printing size information:
arm-none-eabi-objcopy -O binary "STM32L432KC_NUCLEO.elf" "STM32L432KC_NUCLEO.bin"
arm-none-eabi-size "STM32L432KC_NUCLEO.elf"
   text	   data	    bss	    dec	    hex	filename
   6584	     32	   1760	   8376	   20b8	STM32L432KC_NUCLEO.elf
 

20:17:16 Build Finished. 0 errors, 0 warnings. (took 5s.186ms)

