17:11:10 **** Incremental Build of configuration Debug for project stm32-change-pwm-duty-cycle-with-dma-for-sine-wave-generation ****
make -j8 all 
arm-none-eabi-gcc "../Core/Src/main.c" -mcpu=cortex-m4 -std=gnu11 -g3 -DUSE_HAL_DRIVER -DSTM32L412xx -DDEBUG -c -I../Drivers/CMSIS/Include -I../Core/Inc -I../Drivers/CMSIS/Device/ST/STM32L4xx/Include -I../Drivers/STM32L4xx_HAL_Driver/Inc -I../Drivers/STM32L4xx_HAL_Driver/Inc/Legacy -O0 -ffunction-sections -fdata-sections -Wall -fstack-usage -MMD -MP -MF"Core/Src/main.d" -MT"Core/Src/main.o" --specs=nano.specs -mfpu=fpv4-sp-d16 -mfloat-abi=hard -mthumb -o "Core/Src/main.o"
arm-none-eabi-gcc -o "stm32-change-pwm-duty-cycle-with-dma-for-sine-wave-generation.elf" @"objects.list"   -mcpu=cortex-m4 -T"C:\Users\Alan\Documents\views\SHOWER_WATER_REUSABLE\STM32\workspace\stm32-change-pwm-duty-cycle-with-dma-for-sine-wave-generation\STM32L412KBUX_FLASH.ld" --specs=nosys.specs -Wl,-Map="stm32-change-pwm-duty-cycle-with-dma-for-sine-wave-generation.map" -Wl,--gc-sections -static --specs=nano.specs -mfpu=fpv4-sp-d16 -mfloat-abi=hard -mthumb -Wl,--start-group -lc -lm -Wl,--end-group
Finished building target: stm32-change-pwm-duty-cycle-with-dma-for-sine-wave-generation.elf
 
arm-none-eabi-objdump -h -S  stm32-change-pwm-duty-cycle-with-dma-for-sine-wave-generation.elf  > "stm32-change-pwm-duty-cycle-with-dma-for-sine-wave-generation.list"
arm-none-eabi-size   stm32-change-pwm-duty-cycle-with-dma-for-sine-wave-generation.elf 
   text	   data	    bss	    dec	    hex	filename
  14876	     20	   2252	  17148	   42fc	stm32-change-pwm-duty-cycle-with-dma-for-sine-wave-generation.elf
Finished building: default.size.stdout
 
Finished building: stm32-change-pwm-duty-cycle-with-dma-for-sine-wave-generation.list
 

17:11:12 Build Finished. 0 errors, 0 warnings. (took 1s.418ms)

