16:34:31 **** Build of configuration Debug for project STM32L452RE_NUCLEO ****
make all 
arm-none-eabi-gcc "C:/Users/Alan/STM32Cube/Repository/STM32Cube_FW_L4_V1.16.0/Middlewares/Third_Party/FreeRTOS/Source/portable/MemMang/heap_4.c" -mcpu=cortex-m4 -std=gnu11 -g3 -DSTM32L452xx -DUSE_HAL_DRIVER -DUSE_STM32L4XX_NUCLEO -c -I../../../Inc -I../../../../../../../../Drivers/CMSIS/Device/ST/STM32L4xx/Include -I../../../../../../../../Drivers/STM32L4xx_HAL_Driver/Inc -I../../../../../../../../Drivers/BSP/STM32L4xx_Nucleo -I../../../../../../../../Drivers/BSP/Components/Common -I../../../../../../../../Middlewares/Third_Party/FreeRTOS/Source/portable/GCC/ARM_CM4F -I../../../../../../../../Middlewares/Third_Party/FreeRTOS/Source/CMSIS_RTOS -I../../../../../../../../Middlewares/Third_Party/FreeRTOS/Source/include -I../../../../../../../../Drivers/CMSIS/Include -Os -ffunction-sections -Wall -fstack-usage -MMD -MP -MF"Middlewares/FreeRTOS/portable/heap_4.d" -MT"Middlewares/FreeRTOS/portable/heap_4.o" --specs=nano.specs -mfpu=fpv4-sp-d16 -mfloat-abi=hard -mthumb -o "Middlewares/FreeRTOS/portable/heap_4.o"
arm-none-eabi-gcc "C:/Users/Alan/STM32Cube/Repository/STM32Cube_FW_L4_V1.16.0/Middlewares/Third_Party/FreeRTOS/Source/portable/GCC/ARM_CM4F/port.c" -mcpu=cortex-m4 -std=gnu11 -g3 -DSTM32L452xx -DUSE_HAL_DRIVER -DUSE_STM32L4XX_NUCLEO -c -I../../../Inc -I../../../../../../../../Drivers/CMSIS/Device/ST/STM32L4xx/Include -I../../../../../../../../Drivers/STM32L4xx_HAL_Driver/Inc -I../../../../../../../../Drivers/BSP/STM32L4xx_Nucleo -I../../../../../../../../Drivers/BSP/Components/Common -I../../../../../../../../Middlewares/Third_Party/FreeRTOS/Source/portable/GCC/ARM_CM4F -I../../../../../../../../Middlewares/Third_Party/FreeRTOS/Source/CMSIS_RTOS -I../../../../../../../../Middlewares/Third_Party/FreeRTOS/Source/include -I../../../../../../../../Drivers/CMSIS/Include -Os -ffunction-sections -Wall -fstack-usage -MMD -MP -MF"Middlewares/FreeRTOS/portable/port.d" -MT"Middlewares/FreeRTOS/portable/port.o" --specs=nano.specs -mfpu=fpv4-sp-d16 -mfloat-abi=hard -mthumb -o "Middlewares/FreeRTOS/portable/port.o"
arm-none-eabi-gcc "C:/Users/Alan/STM32Cube/Repository/STM32Cube_FW_L4_V1.16.0/Middlewares/Third_Party/FreeRTOS/Source/CMSIS_RTOS/cmsis_os.c" -mcpu=cortex-m4 -std=gnu11 -g3 -DSTM32L452xx -DUSE_HAL_DRIVER -DUSE_STM32L4XX_NUCLEO -c -I../../../Inc -I../../../../../../../../Drivers/CMSIS/Device/ST/STM32L4xx/Include -I../../../../../../../../Drivers/STM32L4xx_HAL_Driver/Inc -I../../../../../../../../Drivers/BSP/STM32L4xx_Nucleo -I../../../../../../../../Drivers/BSP/Components/Common -I../../../../../../../../Middlewares/Third_Party/FreeRTOS/Source/portable/GCC/ARM_CM4F -I../../../../../../../../Middlewares/Third_Party/FreeRTOS/Source/CMSIS_RTOS -I../../../../../../../../Middlewares/Third_Party/FreeRTOS/Source/include -I../../../../../../../../Drivers/CMSIS/Include -Os -ffunction-sections -Wall -fstack-usage -MMD -MP -MF"Middlewares/FreeRTOS/CMSIS_RTOS/cmsis_os.d" -MT"Middlewares/FreeRTOS/CMSIS_RTOS/cmsis_os.o" --specs=nano.specs -mfpu=fpv4-sp-d16 -mfloat-abi=hard -mthumb -o "Middlewares/FreeRTOS/CMSIS_RTOS/cmsis_os.o"
arm-none-eabi-gcc "C:/Users/Alan/STM32Cube/Repository/STM32Cube_FW_L4_V1.16.0/Middlewares/Third_Party/FreeRTOS/Source/list.c" -mcpu=cortex-m4 -std=gnu11 -g3 -DSTM32L452xx -DUSE_HAL_DRIVER -DUSE_STM32L4XX_NUCLEO -c -I../../../Inc -I../../../../../../../../Drivers/CMSIS/Device/ST/STM32L4xx/Include -I../../../../../../../../Drivers/STM32L4xx_HAL_Driver/Inc -I../../../../../../../../Drivers/BSP/STM32L4xx_Nucleo -I../../../../../../../../Drivers/BSP/Components/Common -I../../../../../../../../Middlewares/Third_Party/FreeRTOS/Source/portable/GCC/ARM_CM4F -I../../../../../../../../Middlewares/Third_Party/FreeRTOS/Source/CMSIS_RTOS -I../../../../../../../../Middlewares/Third_Party/FreeRTOS/Source/include -I../../../../../../../../Drivers/CMSIS/Include -Os -ffunction-sections -Wall -fstack-usage -MMD -MP -MF"Middlewares/FreeRTOS/list.d" -MT"Middlewares/FreeRTOS/list.o" --specs=nano.specs -mfpu=fpv4-sp-d16 -mfloat-abi=hard -mthumb -o "Middlewares/FreeRTOS/list.o"
arm-none-eabi-gcc "C:/Users/Alan/STM32Cube/Repository/STM32Cube_FW_L4_V1.16.0/Middlewares/Third_Party/FreeRTOS/Source/queue.c" -mcpu=cortex-m4 -std=gnu11 -g3 -DSTM32L452xx -DUSE_HAL_DRIVER -DUSE_STM32L4XX_NUCLEO -c -I../../../Inc -I../../../../../../../../Drivers/CMSIS/Device/ST/STM32L4xx/Include -I../../../../../../../../Drivers/STM32L4xx_HAL_Driver/Inc -I../../../../../../../../Drivers/BSP/STM32L4xx_Nucleo -I../../../../../../../../Drivers/BSP/Components/Common -I../../../../../../../../Middlewares/Third_Party/FreeRTOS/Source/portable/GCC/ARM_CM4F -I../../../../../../../../Middlewares/Third_Party/FreeRTOS/Source/CMSIS_RTOS -I../../../../../../../../Middlewares/Third_Party/FreeRTOS/Source/include -I../../../../../../../../Drivers/CMSIS/Include -Os -ffunction-sections -Wall -fstack-usage -MMD -MP -MF"Middlewares/FreeRTOS/queue.d" -MT"Middlewares/FreeRTOS/queue.o" --specs=nano.specs -mfpu=fpv4-sp-d16 -mfloat-abi=hard -mthumb -o "Middlewares/FreeRTOS/queue.o"
arm-none-eabi-gcc "C:/Users/Alan/STM32Cube/Repository/STM32Cube_FW_L4_V1.16.0/Middlewares/Third_Party/FreeRTOS/Source/tasks.c" -mcpu=cortex-m4 -std=gnu11 -g3 -DSTM32L452xx -DUSE_HAL_DRIVER -DUSE_STM32L4XX_NUCLEO -c -I../../../Inc -I../../../../../../../../Drivers/CMSIS/Device/ST/STM32L4xx/Include -I../../../../../../../../Drivers/STM32L4xx_HAL_Driver/Inc -I../../../../../../../../Drivers/BSP/STM32L4xx_Nucleo -I../../../../../../../../Drivers/BSP/Components/Common -I../../../../../../../../Middlewares/Third_Party/FreeRTOS/Source/portable/GCC/ARM_CM4F -I../../../../../../../../Middlewares/Third_Party/FreeRTOS/Source/CMSIS_RTOS -I../../../../../../../../Middlewares/Third_Party/FreeRTOS/Source/include -I../../../../../../../../Drivers/CMSIS/Include -Os -ffunction-sections -Wall -fstack-usage -MMD -MP -MF"Middlewares/FreeRTOS/tasks.d" -MT"Middlewares/FreeRTOS/tasks.o" --specs=nano.specs -mfpu=fpv4-sp-d16 -mfloat-abi=hard -mthumb -o "Middlewares/FreeRTOS/tasks.o"
arm-none-eabi-gcc "C:/Users/Alan/STM32Cube/Repository/STM32Cube_FW_L4_V1.16.0/Middlewares/Third_Party/FreeRTOS/Source/timers.c" -mcpu=cortex-m4 -std=gnu11 -g3 -DSTM32L452xx -DUSE_HAL_DRIVER -DUSE_STM32L4XX_NUCLEO -c -I../../../Inc -I../../../../../../../../Drivers/CMSIS/Device/ST/STM32L4xx/Include -I../../../../../../../../Drivers/STM32L4xx_HAL_Driver/Inc -I../../../../../../../../Drivers/BSP/STM32L4xx_Nucleo -I../../../../../../../../Drivers/BSP/Components/Common -I../../../../../../../../Middlewares/Third_Party/FreeRTOS/Source/portable/GCC/ARM_CM4F -I../../../../../../../../Middlewares/Third_Party/FreeRTOS/Source/CMSIS_RTOS -I../../../../../../../../Middlewares/Third_Party/FreeRTOS/Source/include -I../../../../../../../../Drivers/CMSIS/Include -Os -ffunction-sections -Wall -fstack-usage -MMD -MP -MF"Middlewares/FreeRTOS/timers.d" -MT"Middlewares/FreeRTOS/timers.o" --specs=nano.specs -mfpu=fpv4-sp-d16 -mfloat-abi=hard -mthumb -o "Middlewares/FreeRTOS/timers.o"
arm-none-eabi-gcc "C:/Users/Alan/STM32Cube/Repository/STM32Cube_FW_L4_V1.16.0/Drivers/STM32L4xx_HAL_Driver/Src/stm32l4xx_hal.c" -mcpu=cortex-m4 -std=gnu11 -g3 -DSTM32L452xx -DUSE_HAL_DRIVER -DUSE_STM32L4XX_NUCLEO -c -I../../../Inc -I../../../../../../../../Drivers/CMSIS/Device/ST/STM32L4xx/Include -I../../../../../../../../Drivers/STM32L4xx_HAL_Driver/Inc -I../../../../../../../../Drivers/BSP/STM32L4xx_Nucleo -I../../../../../../../../Drivers/BSP/Components/Common -I../../../../../../../../Middlewares/Third_Party/FreeRTOS/Source/portable/GCC/ARM_CM4F -I../../../../../../../../Middlewares/Third_Party/FreeRTOS/Source/CMSIS_RTOS -I../../../../../../../../Middlewares/Third_Party/FreeRTOS/Source/include -I../../../../../../../../Drivers/CMSIS/Include -Os -ffunction-sections -Wall -fstack-usage -MMD -MP -MF"Drivers/STM32L4xx_HAL_Driver/stm32l4xx_hal.d" -MT"Drivers/STM32L4xx_HAL_Driver/stm32l4xx_hal.o" --specs=nano.specs -mfpu=fpv4-sp-d16 -mfloat-abi=hard -mthumb -o "Drivers/STM32L4xx_HAL_Driver/stm32l4xx_hal.o"
arm-none-eabi-gcc "C:/Users/Alan/STM32Cube/Repository/STM32Cube_FW_L4_V1.16.0/Drivers/STM32L4xx_HAL_Driver/Src/stm32l4xx_hal_cortex.c" -mcpu=cortex-m4 -std=gnu11 -g3 -DSTM32L452xx -DUSE_HAL_DRIVER -DUSE_STM32L4XX_NUCLEO -c -I../../../Inc -I../../../../../../../../Drivers/CMSIS/Device/ST/STM32L4xx/Include -I../../../../../../../../Drivers/STM32L4xx_HAL_Driver/Inc -I../../../../../../../../Drivers/BSP/STM32L4xx_Nucleo -I../../../../../../../../Drivers/BSP/Components/Common -I../../../../../../../../Middlewares/Third_Party/FreeRTOS/Source/portable/GCC/ARM_CM4F -I../../../../../../../../Middlewares/Third_Party/FreeRTOS/Source/CMSIS_RTOS -I../../../../../../../../Middlewares/Third_Party/FreeRTOS/Source/include -I../../../../../../../../Drivers/CMSIS/Include -Os -ffunction-sections -Wall -fstack-usage -MMD -MP -MF"Drivers/STM32L4xx_HAL_Driver/stm32l4xx_hal_cortex.d" -MT"Drivers/STM32L4xx_HAL_Driver/stm32l4xx_hal_cortex.o" --specs=nano.specs -mfpu=fpv4-sp-d16 -mfloat-abi=hard -mthumb -o "Drivers/STM32L4xx_HAL_Driver/stm32l4xx_hal_cortex.o"
arm-none-eabi-gcc "C:/Users/Alan/STM32Cube/Repository/STM32Cube_FW_L4_V1.16.0/Drivers/STM32L4xx_HAL_Driver/Src/stm32l4xx_hal_dma.c" -mcpu=cortex-m4 -std=gnu11 -g3 -DSTM32L452xx -DUSE_HAL_DRIVER -DUSE_STM32L4XX_NUCLEO -c -I../../../Inc -I../../../../../../../../Drivers/CMSIS/Device/ST/STM32L4xx/Include -I../../../../../../../../Drivers/STM32L4xx_HAL_Driver/Inc -I../../../../../../../../Drivers/BSP/STM32L4xx_Nucleo -I../../../../../../../../Drivers/BSP/Components/Common -I../../../../../../../../Middlewares/Third_Party/FreeRTOS/Source/portable/GCC/ARM_CM4F -I../../../../../../../../Middlewares/Third_Party/FreeRTOS/Source/CMSIS_RTOS -I../../../../../../../../Middlewares/Third_Party/FreeRTOS/Source/include -I../../../../../../../../Drivers/CMSIS/Include -Os -ffunction-sections -Wall -fstack-usage -MMD -MP -MF"Drivers/STM32L4xx_HAL_Driver/stm32l4xx_hal_dma.d" -MT"Drivers/STM32L4xx_HAL_Driver/stm32l4xx_hal_dma.o" --specs=nano.specs -mfpu=fpv4-sp-d16 -mfloat-abi=hard -mthumb -o "Drivers/STM32L4xx_HAL_Driver/stm32l4xx_hal_dma.o"
arm-none-eabi-gcc "C:/Users/Alan/STM32Cube/Repository/STM32Cube_FW_L4_V1.16.0/Drivers/STM32L4xx_HAL_Driver/Src/stm32l4xx_hal_gpio.c" -mcpu=cortex-m4 -std=gnu11 -g3 -DSTM32L452xx -DUSE_HAL_DRIVER -DUSE_STM32L4XX_NUCLEO -c -I../../../Inc -I../../../../../../../../Drivers/CMSIS/Device/ST/STM32L4xx/Include -I../../../../../../../../Drivers/STM32L4xx_HAL_Driver/Inc -I../../../../../../../../Drivers/BSP/STM32L4xx_Nucleo -I../../../../../../../../Drivers/BSP/Components/Common -I../../../../../../../../Middlewares/Third_Party/FreeRTOS/Source/portable/GCC/ARM_CM4F -I../../../../../../../../Middlewares/Third_Party/FreeRTOS/Source/CMSIS_RTOS -I../../../../../../../../Middlewares/Third_Party/FreeRTOS/Source/include -I../../../../../../../../Drivers/CMSIS/Include -Os -ffunction-sections -Wall -fstack-usage -MMD -MP -MF"Drivers/STM32L4xx_HAL_Driver/stm32l4xx_hal_gpio.d" -MT"Drivers/STM32L4xx_HAL_Driver/stm32l4xx_hal_gpio.o" --specs=nano.specs -mfpu=fpv4-sp-d16 -mfloat-abi=hard -mthumb -o "Drivers/STM32L4xx_HAL_Driver/stm32l4xx_hal_gpio.o"
arm-none-eabi-gcc "C:/Users/Alan/STM32Cube/Repository/STM32Cube_FW_L4_V1.16.0/Drivers/STM32L4xx_HAL_Driver/Src/stm32l4xx_hal_pwr.c" -mcpu=cortex-m4 -std=gnu11 -g3 -DSTM32L452xx -DUSE_HAL_DRIVER -DUSE_STM32L4XX_NUCLEO -c -I../../../Inc -I../../../../../../../../Drivers/CMSIS/Device/ST/STM32L4xx/Include -I../../../../../../../../Drivers/STM32L4xx_HAL_Driver/Inc -I../../../../../../../../Drivers/BSP/STM32L4xx_Nucleo -I../../../../../../../../Drivers/BSP/Components/Common -I../../../../../../../../Middlewares/Third_Party/FreeRTOS/Source/portable/GCC/ARM_CM4F -I../../../../../../../../Middlewares/Third_Party/FreeRTOS/Source/CMSIS_RTOS -I../../../../../../../../Middlewares/Third_Party/FreeRTOS/Source/include -I../../../../../../../../Drivers/CMSIS/Include -Os -ffunction-sections -Wall -fstack-usage -MMD -MP -MF"Drivers/STM32L4xx_HAL_Driver/stm32l4xx_hal_pwr.d" -MT"Drivers/STM32L4xx_HAL_Driver/stm32l4xx_hal_pwr.o" --specs=nano.specs -mfpu=fpv4-sp-d16 -mfloat-abi=hard -mthumb -o "Drivers/STM32L4xx_HAL_Driver/stm32l4xx_hal_pwr.o"
arm-none-eabi-gcc "C:/Users/Alan/STM32Cube/Repository/STM32Cube_FW_L4_V1.16.0/Drivers/STM32L4xx_HAL_Driver/Src/stm32l4xx_hal_pwr_ex.c" -mcpu=cortex-m4 -std=gnu11 -g3 -DSTM32L452xx -DUSE_HAL_DRIVER -DUSE_STM32L4XX_NUCLEO -c -I../../../Inc -I../../../../../../../../Drivers/CMSIS/Device/ST/STM32L4xx/Include -I../../../../../../../../Drivers/STM32L4xx_HAL_Driver/Inc -I../../../../../../../../Drivers/BSP/STM32L4xx_Nucleo -I../../../../../../../../Drivers/BSP/Components/Common -I../../../../../../../../Middlewares/Third_Party/FreeRTOS/Source/portable/GCC/ARM_CM4F -I../../../../../../../../Middlewares/Third_Party/FreeRTOS/Source/CMSIS_RTOS -I../../../../../../../../Middlewares/Third_Party/FreeRTOS/Source/include -I../../../../../../../../Drivers/CMSIS/Include -Os -ffunction-sections -Wall -fstack-usage -MMD -MP -MF"Drivers/STM32L4xx_HAL_Driver/stm32l4xx_hal_pwr_ex.d" -MT"Drivers/STM32L4xx_HAL_Driver/stm32l4xx_hal_pwr_ex.o" --specs=nano.specs -mfpu=fpv4-sp-d16 -mfloat-abi=hard -mthumb -o "Drivers/STM32L4xx_HAL_Driver/stm32l4xx_hal_pwr_ex.o"
arm-none-eabi-gcc "C:/Users/Alan/STM32Cube/Repository/STM32Cube_FW_L4_V1.16.0/Drivers/STM32L4xx_HAL_Driver/Src/stm32l4xx_hal_rcc.c" -mcpu=cortex-m4 -std=gnu11 -g3 -DSTM32L452xx -DUSE_HAL_DRIVER -DUSE_STM32L4XX_NUCLEO -c -I../../../Inc -I../../../../../../../../Drivers/CMSIS/Device/ST/STM32L4xx/Include -I../../../../../../../../Drivers/STM32L4xx_HAL_Driver/Inc -I../../../../../../../../Drivers/BSP/STM32L4xx_Nucleo -I../../../../../../../../Drivers/BSP/Components/Common -I../../../../../../../../Middlewares/Third_Party/FreeRTOS/Source/portable/GCC/ARM_CM4F -I../../../../../../../../Middlewares/Third_Party/FreeRTOS/Source/CMSIS_RTOS -I../../../../../../../../Middlewares/Third_Party/FreeRTOS/Source/include -I../../../../../../../../Drivers/CMSIS/Include -Os -ffunction-sections -Wall -fstack-usage -MMD -MP -MF"Drivers/STM32L4xx_HAL_Driver/stm32l4xx_hal_rcc.d" -MT"Drivers/STM32L4xx_HAL_Driver/stm32l4xx_hal_rcc.o" --specs=nano.specs -mfpu=fpv4-sp-d16 -mfloat-abi=hard -mthumb -o "Drivers/STM32L4xx_HAL_Driver/stm32l4xx_hal_rcc.o"
arm-none-eabi-gcc "C:/Users/Alan/STM32Cube/Repository/STM32Cube_FW_L4_V1.16.0/Drivers/STM32L4xx_HAL_Driver/Src/stm32l4xx_hal_tim.c" -mcpu=cortex-m4 -std=gnu11 -g3 -DSTM32L452xx -DUSE_HAL_DRIVER -DUSE_STM32L4XX_NUCLEO -c -I../../../Inc -I../../../../../../../../Drivers/CMSIS/Device/ST/STM32L4xx/Include -I../../../../../../../../Drivers/STM32L4xx_HAL_Driver/Inc -I../../../../../../../../Drivers/BSP/STM32L4xx_Nucleo -I../../../../../../../../Drivers/BSP/Components/Common -I../../../../../../../../Middlewares/Third_Party/FreeRTOS/Source/portable/GCC/ARM_CM4F -I../../../../../../../../Middlewares/Third_Party/FreeRTOS/Source/CMSIS_RTOS -I../../../../../../../../Middlewares/Third_Party/FreeRTOS/Source/include -I../../../../../../../../Drivers/CMSIS/Include -Os -ffunction-sections -Wall -fstack-usage -MMD -MP -MF"Drivers/STM32L4xx_HAL_Driver/stm32l4xx_hal_tim.d" -MT"Drivers/STM32L4xx_HAL_Driver/stm32l4xx_hal_tim.o" --specs=nano.specs -mfpu=fpv4-sp-d16 -mfloat-abi=hard -mthumb -o "Drivers/STM32L4xx_HAL_Driver/stm32l4xx_hal_tim.o"
arm-none-eabi-gcc "C:/Users/Alan/STM32Cube/Repository/STM32Cube_FW_L4_V1.16.0/Drivers/STM32L4xx_HAL_Driver/Src/stm32l4xx_hal_tim_ex.c" -mcpu=cortex-m4 -std=gnu11 -g3 -DSTM32L452xx -DUSE_HAL_DRIVER -DUSE_STM32L4XX_NUCLEO -c -I../../../Inc -I../../../../../../../../Drivers/CMSIS/Device/ST/STM32L4xx/Include -I../../../../../../../../Drivers/STM32L4xx_HAL_Driver/Inc -I../../../../../../../../Drivers/BSP/STM32L4xx_Nucleo -I../../../../../../../../Drivers/BSP/Components/Common -I../../../../../../../../Middlewares/Third_Party/FreeRTOS/Source/portable/GCC/ARM_CM4F -I../../../../../../../../Middlewares/Third_Party/FreeRTOS/Source/CMSIS_RTOS -I../../../../../../../../Middlewares/Third_Party/FreeRTOS/Source/include -I../../../../../../../../Drivers/CMSIS/Include -Os -ffunction-sections -Wall -fstack-usage -MMD -MP -MF"Drivers/STM32L4xx_HAL_Driver/stm32l4xx_hal_tim_ex.d" -MT"Drivers/STM32L4xx_HAL_Driver/stm32l4xx_hal_tim_ex.o" --specs=nano.specs -mfpu=fpv4-sp-d16 -mfloat-abi=hard -mthumb -o "Drivers/STM32L4xx_HAL_Driver/stm32l4xx_hal_tim_ex.o"
arm-none-eabi-gcc "C:/Users/Alan/STM32Cube/Repository/STM32Cube_FW_L4_V1.16.0/Projects/NUCLEO-L452RE/Applications/FreeRTOS/FreeRTOS_SemaphoreFromISR/Src/system_stm32l4xx.c" -mcpu=cortex-m4 -std=gnu11 -g3 -DSTM32L452xx -DUSE_HAL_DRIVER -DUSE_STM32L4XX_NUCLEO -c -I../../../Inc -I../../../../../../../../Drivers/CMSIS/Device/ST/STM32L4xx/Include -I../../../../../../../../Drivers/STM32L4xx_HAL_Driver/Inc -I../../../../../../../../Drivers/BSP/STM32L4xx_Nucleo -I../../../../../../../../Drivers/BSP/Components/Common -I../../../../../../../../Middlewares/Third_Party/FreeRTOS/Source/portable/GCC/ARM_CM4F -I../../../../../../../../Middlewares/Third_Party/FreeRTOS/Source/CMSIS_RTOS -I../../../../../../../../Middlewares/Third_Party/FreeRTOS/Source/include -I../../../../../../../../Drivers/CMSIS/Include -Os -ffunction-sections -Wall -fstack-usage -MMD -MP -MF"Drivers/CMSIS/system_stm32l4xx.d" -MT"Drivers/CMSIS/system_stm32l4xx.o" --specs=nano.specs -mfpu=fpv4-sp-d16 -mfloat-abi=hard -mthumb -o "Drivers/CMSIS/system_stm32l4xx.o"
arm-none-eabi-gcc "C:/Users/Alan/STM32Cube/Repository/STM32Cube_FW_L4_V1.16.0/Drivers/BSP/STM32L4xx_Nucleo/stm32l4xx_nucleo.c" -mcpu=cortex-m4 -std=gnu11 -g3 -DSTM32L452xx -DUSE_HAL_DRIVER -DUSE_STM32L4XX_NUCLEO -c -I../../../Inc -I../../../../../../../../Drivers/CMSIS/Device/ST/STM32L4xx/Include -I../../../../../../../../Drivers/STM32L4xx_HAL_Driver/Inc -I../../../../../../../../Drivers/BSP/STM32L4xx_Nucleo -I../../../../../../../../Drivers/BSP/Components/Common -I../../../../../../../../Middlewares/Third_Party/FreeRTOS/Source/portable/GCC/ARM_CM4F -I../../../../../../../../Middlewares/Third_Party/FreeRTOS/Source/CMSIS_RTOS -I../../../../../../../../Middlewares/Third_Party/FreeRTOS/Source/include -I../../../../../../../../Drivers/CMSIS/Include -Os -ffunction-sections -Wall -fstack-usage -MMD -MP -MF"Drivers/BSP/STM32L4xx_Nucleo/stm32l4xx_nucleo.d" -MT"Drivers/BSP/STM32L4xx_Nucleo/stm32l4xx_nucleo.o" --specs=nano.specs -mfpu=fpv4-sp-d16 -mfloat-abi=hard -mthumb -o "Drivers/BSP/STM32L4xx_Nucleo/stm32l4xx_nucleo.o"
arm-none-eabi-gcc "C:/Users/Alan/STM32Cube/Repository/STM32Cube_FW_L4_V1.16.0/Projects/NUCLEO-L452RE/Applications/FreeRTOS/FreeRTOS_SemaphoreFromISR/Src/main.c" -mcpu=cortex-m4 -std=gnu11 -g3 -DSTM32L452xx -DUSE_HAL_DRIVER -DUSE_STM32L4XX_NUCLEO -c -I../../../Inc -I../../../../../../../../Drivers/CMSIS/Device/ST/STM32L4xx/Include -I../../../../../../../../Drivers/STM32L4xx_HAL_Driver/Inc -I../../../../../../../../Drivers/BSP/STM32L4xx_Nucleo -I../../../../../../../../Drivers/BSP/Components/Common -I../../../../../../../../Middlewares/Third_Party/FreeRTOS/Source/portable/GCC/ARM_CM4F -I../../../../../../../../Middlewares/Third_Party/FreeRTOS/Source/CMSIS_RTOS -I../../../../../../../../Middlewares/Third_Party/FreeRTOS/Source/include -I../../../../../../../../Drivers/CMSIS/Include -Os -ffunction-sections -Wall -fstack-usage -MMD -MP -MF"Application/User/main.d" -MT"Application/User/main.o" --specs=nano.specs -mfpu=fpv4-sp-d16 -mfloat-abi=hard -mthumb -o "Application/User/main.o"
arm-none-eabi-gcc "C:/Users/Alan/STM32Cube/Repository/STM32Cube_FW_L4_V1.16.0/Projects/NUCLEO-L452RE/Applications/FreeRTOS/FreeRTOS_SemaphoreFromISR/Src/stm32l4xx_hal_timebase_tim.c" -mcpu=cortex-m4 -std=gnu11 -g3 -DSTM32L452xx -DUSE_HAL_DRIVER -DUSE_STM32L4XX_NUCLEO -c -I../../../Inc -I../../../../../../../../Drivers/CMSIS/Device/ST/STM32L4xx/Include -I../../../../../../../../Drivers/STM32L4xx_HAL_Driver/Inc -I../../../../../../../../Drivers/BSP/STM32L4xx_Nucleo -I../../../../../../../../Drivers/BSP/Components/Common -I../../../../../../../../Middlewares/Third_Party/FreeRTOS/Source/portable/GCC/ARM_CM4F -I../../../../../../../../Middlewares/Third_Party/FreeRTOS/Source/CMSIS_RTOS -I../../../../../../../../Middlewares/Third_Party/FreeRTOS/Source/include -I../../../../../../../../Drivers/CMSIS/Include -Os -ffunction-sections -Wall -fstack-usage -MMD -MP -MF"Application/User/stm32l4xx_hal_timebase_tim.d" -MT"Application/User/stm32l4xx_hal_timebase_tim.o" --specs=nano.specs -mfpu=fpv4-sp-d16 -mfloat-abi=hard -mthumb -o "Application/User/stm32l4xx_hal_timebase_tim.o"
arm-none-eabi-gcc "C:/Users/Alan/STM32Cube/Repository/STM32Cube_FW_L4_V1.16.0/Projects/NUCLEO-L452RE/Applications/FreeRTOS/FreeRTOS_SemaphoreFromISR/Src/stm32l4xx_it.c" -mcpu=cortex-m4 -std=gnu11 -g3 -DSTM32L452xx -DUSE_HAL_DRIVER -DUSE_STM32L4XX_NUCLEO -c -I../../../Inc -I../../../../../../../../Drivers/CMSIS/Device/ST/STM32L4xx/Include -I../../../../../../../../Drivers/STM32L4xx_HAL_Driver/Inc -I../../../../../../../../Drivers/BSP/STM32L4xx_Nucleo -I../../../../../../../../Drivers/BSP/Components/Common -I../../../../../../../../Middlewares/Third_Party/FreeRTOS/Source/portable/GCC/ARM_CM4F -I../../../../../../../../Middlewares/Third_Party/FreeRTOS/Source/CMSIS_RTOS -I../../../../../../../../Middlewares/Third_Party/FreeRTOS/Source/include -I../../../../../../../../Drivers/CMSIS/Include -Os -ffunction-sections -Wall -fstack-usage -MMD -MP -MF"Application/User/stm32l4xx_it.d" -MT"Application/User/stm32l4xx_it.o" --specs=nano.specs -mfpu=fpv4-sp-d16 -mfloat-abi=hard -mthumb -o "Application/User/stm32l4xx_it.o"
arm-none-eabi-gcc -mcpu=cortex-m4 -g3 -c -IROJ_DIR../Inc -x assembler-with-cpp -MMD -MP -MF"Application/SW4STM32/startup_stm32l452xx.d" -MT"Application/SW4STM32/startup_stm32l452xx.o" --specs=nano.specs -mfpu=fpv4-sp-d16 -mfloat-abi=hard -mthumb -o "Application/SW4STM32/startup_stm32l452xx.o" "C:/Users/Alan/STM32Cube/Repository/STM32Cube_FW_L4_V1.16.0/Projects/NUCLEO-L452RE/Applications/FreeRTOS/FreeRTOS_SemaphoreFromISR/SW4STM32/startup_stm32l452xx.s"
arm-none-eabi-gcc -o "STM32L452RE_NUCLEO.elf" @"objects.list"   -mcpu=cortex-m4 -T"../STM32L452RETx_FLASH.ld" --specs=nosys.specs -Wl,-Map="STM32L452RE_NUCLEO.map" -Wl,--gc-sections -static --specs=nano.specs -mfpu=fpv4-sp-d16 -mfloat-abi=hard -mthumb -Wl,--start-group -lc -lm -Wl,--end-group
Finished building target: STM32L452RE_NUCLEO.elf
 
arm-none-eabi-size   STM32L452RE_NUCLEO.elf 
   text	   data	    bss	    dec	    hex	filename
  10400	     40	   4032	  14472	   3888	STM32L452RE_NUCLEO.elf
Finished building: default.size.stdout
 
arm-none-eabi-objdump -h -S  STM32L452RE_NUCLEO.elf  > "STM32L452RE_NUCLEO.list"
Finished building: STM32L452RE_NUCLEO.list
 
arm-none-eabi-objcopy  -O binary  STM32L452RE_NUCLEO.elf  "STM32L452RE_NUCLEO.bin"
Finished building: STM32L452RE_NUCLEO.bin
 

16:34:39 Build Finished. 0 errors, 0 warnings. (took 7s.519ms)

