lwow.c:58:1:prv_send_bit	40	static
lwow.c:84:1:lwow_init	24	static
lwow.c:111:1:lwow_deinit	16	static
lwow.c:130:1:lwow_protect	16	static
lwow.c:152:1:lwow_unprotect	16	static
lwow.c:172:1:lwow_reset_raw	32	static
lwow.c:201:1:lwow_reset	24	static
lwow.c:220:1:lwow_write_byte_ex_raw	48	static
lwow.c:265:1:lwow_write_byte_ex	32	static
lwow.c:283:1:lwow_read_byte_ex_raw	16	static
lwow.c:301:1:lwow_read_byte_ex	24	static
lwow.c:320:1:lwow_read_bit_ex_raw	16	static
lwow.c:332:1:lwow_read_bit_ex	24	static
lwow.c:350:1:lwow_search_reset_raw	16	static
lwow.c:362:1:lwow_search_reset	24	static
lwow.c:381:1:lwow_search_raw	16	static
lwow.c:391:1:lwow_search	24	static
lwow.c:411:1:lwow_search_with_command_raw	40	static
lwow.c:508:1:lwow_search_with_command	32	static
lwow.c:527:1:lwow_match_rom_raw	24	static
lwow.c:549:1:lwow_match_rom	24	static
lwow.c:567:1:lwow_skip_rom_raw	16	static
lwow.c:578:1:lwow_skip_rom	24	static
lwow.c:597:1:lwow_crc	32	static
lwow.c:633:1:lwow_search_with_command_callback	48	static
lwow.c:675:1:lwow_search_with_callback	32	static
lwow.c:689:1:lwow_search_devices_with_command_raw	32	static
lwow.c:717:1:lwow_search_devices_with_command	40	static
lwow.c:740:1:lwow_search_devices_raw	32	static
lwow.c:753:1:lwow_search_devices	32	static
lwow.c:777:1:lwow_write_byte_raw	24	static
lwow.c:789:1:lwow_write_byte	24	static
lwow.c:802:1:lwow_read_byte_raw	24	static
lwow.c:814:1:lwow_read_byte	24	static
lwow.c:827:1:lwow_read_bit_raw	24	static
lwow.c:839:1:lwow_read_bit	24	static
