main.c:151:6:safeprintf	16	static
main.c:176:6:Switch_Callback	8	static
main.c:187:9:getButton	8	static
main.c:192:6:water_valve_control	16	static
main.c:203:6:Error_Application	8	static
main.c:226:5:main	8	static
main.c:344:6:SystemClock_Config	152	static
main.c:403:13:MX_TIM1_Init	112	static
main.c:483:13:MX_USART1_UART_Init	8	static
main.c:518:13:MX_USART2_UART_Init	8	static
main.c:551:13:MX_DMA_Init	16	static
main.c:575:6:MX_GPIO_Init	40	static
main.c:624:5:__io_putchar	24	static
main.c:641:6:Main_Task	16	static
main.c:724:6:CircularRingRedTask	16	static
main.c:739:6:readTemperatureTask	48	static
main.c:823:6:CircularRingGreen	16	static
main.c:837:6:ErrorTask	16	static
main.c:865:6:ErrorSignalRingLedTask	16	static
main.c:874:6:vTimerUpdateCallback	16	static
main.c:889:6:HAL_TIM_PeriodElapsedCallback	16	static
main.c:908:6:Error_Handler	4	static
